 .   ____          _            __ _ _
 /\\ / ___'_ __ _ _(_)_ __  __ _ \ \ \ \
( ( )\___ | '_ | '_| | '_ \/ _` | \ \ \ \
 \\/  ___)| |_)| | | | | || (_| |  ) ) ) )
  '  |____| .__|_| |_|_| |_\__, | / / / /
 =========|_|==============|___/=/_/_/_/

 :: Spring Boot ::                (v3.4.3)

2025-03-16T15:36:30.609+05:30  INFO 10132 --- [user-service] [  restartedMain] com.ashfaq.user.UserServiceApplication   : Starting UserServiceApplication using Java 21.0.4 with PID 10132 (C:\tmp\full-stack\user-crud\web-service\user-service\target\classes started by ashfa in C:\tmp\full-stack\user-crud)
2025-03-16T15:36:30.615+05:30  INFO 10132 --- [user-service] [  restartedMain] com.ashfaq.user.UserServiceApplication   : No active profile set, falling back to 1 default profile: "default"       
2025-03-16T15:36:30.677+05:30  INFO 10132 --- [user-service] [  restartedMain] .e.DevToolsPropertyDefaultsPostProcessor : Devtools property defaults active! Set 'spring.devtools.add-properties' to 'false' to disable
2025-03-16T15:36:30.677+05:30  INFO 10132 --- [user-service] [  restartedMain] .e.DevToolsPropertyDefaultsPostProcessor : For additional web related logging consider setting the 'logging.level.web' property to 'DEBUG'
2025-03-16T15:36:31.403+05:30  INFO 10132 --- [user-service] [  restartedMain] .s.d.r.c.RepositoryConfigurationDelegate : Bootstrapping Spring Data JPA repositories in DEFAULT mode.
2025-03-16T15:36:31.477+05:30  INFO 10132 --- [user-service] [  restartedMain] .s.d.r.c.RepositoryConfigurationDelegate : Finished Spring Data repository scanning in 64 ms. Found 1 JPA repository interface.
2025-03-16T15:36:32.142+05:30  INFO 10132 --- [user-service] [  restartedMain] o.s.b.w.embedded.tomcat.TomcatWebServer  : Tomcat initialized with port 8080 (http)
2025-03-16T15:36:32.159+05:30  INFO 10132 --- [user-service] [  restartedMain] o.apache.catalina.core.StandardService   : Starting service [Tomcat]
2025-03-16T15:36:32.159+05:30  INFO 10132 --- [user-service] [  restartedMain] o.apache.catalina.core.StandardEngine    : Starting Servlet engine: [Apache Tomcat/10.1.36]
2025-03-16T15:36:32.210+05:30  INFO 10132 --- [user-service] [  restartedMain] o.a.c.c.C.[Tomcat].[localhost].[/]       : Initializing Spring embedded WebApplicationContext
2025-03-16T15:36:32.211+05:30  INFO 10132 --- [user-service] [  restartedMain] w.s.c.ServletWebServerApplicationContext : Root WebApplicationContext: initialization completed in 1532 ms
2025-03-16T15:36:32.380+05:30  INFO 10132 --- [user-service] [  restartedMain] o.hibernate.jpa.internal.util.LogHelper  : HHH000204: Processing PersistenceUnitInfo [name: default]
2025-03-16T15:36:32.425+05:30  INFO 10132 --- [user-service] [  restartedMain] org.hibernate.Version                    : HHH000412: Hibernate ORM core version 6.6.8.Final
2025-03-16T15:36:32.457+05:30  INFO 10132 --- [user-service] [  restartedMain] o.h.c.internal.RegionFactoryInitiator    : HHH000026: Second-level cache disabled
2025-03-16T15:36:32.726+05:30  INFO 10132 --- [user-service] [  restartedMain] o.s.o.j.p.SpringPersistenceUnitInfo      : No LoadTimeWeaver setup: ignoring JPA class transformer
2025-03-16T15:36:32.757+05:30  INFO 10132 --- [user-service] [  restartedMain] com.zaxxer.hikari.HikariDataSource       : HikariPool-1 - Starting...
2025-03-16T15:36:32.934+05:30  INFO 10132 --- [user-service] [  restartedMain] com.zaxxer.hikari.pool.HikariPool        : HikariPool-1 - Added connection org.postgresql.jdbc.PgConnection@73a5f2dc 
2025-03-16T15:36:32.936+05:30  INFO 10132 --- [user-service] [  restartedMain] com.zaxxer.hikari.HikariDataSource       : HikariPool-1 - Start completed.
2025-03-16T15:36:32.968+05:30  WARN 10132 --- [user-service] [  restartedMain] org.hibernate.orm.deprecation            : HHH90000025: PostgreSQLDialect does not need to be specified explicitly using 'hibernate.dialect' (remove the property setting and it will be selected by default)
2025-03-16T15:36:32.988+05:30  INFO 10132 --- [user-service] [  restartedMain] org.hibernate.orm.connections.pooling    : HHH10001005: Database info:
        Database JDBC URL [Connecting through datasource 'HikariDataSource (HikariPool-1)']       
        Database driver: undefined/unknown
        Database version: 17.0
        Autocommit mode: undefined/unknown
        Isolation level: undefined/unknown
        Minimum pool size: undefined/unknown
        Maximum pool size: undefined/unknown
2025-03-16T15:36:33.733+05:30  INFO 10132 --- [user-service] [  restartedMain] o.h.e.t.j.p.i.JtaPlatformInitiator       : HHH000489: No JTA platform available (set 'hibernate.transaction.jta.platform' to enable JTA platform integration)
Hibernate: create table public.users (id bigint generated by default as identity, email varchar(255), name varchar(255), primary key (id))
2025-03-16T15:36:33.834+05:30  INFO 10132 --- [user-service] [  restartedMain] j.LocalContainerEntityManagerFactoryBean : Initialized JPA EntityManagerFactory for persistence unit 'default'       
2025-03-16T15:36:34.061+05:30  WARN 10132 --- [user-service] [  restartedMain] JpaBaseConfiguration$JpaWebConfiguration : spring.jpa.open-in-view is enabled by default. Therefore, database queries may be performed during view rendering. Explicitly configure spring.jpa.open-in-view to disable this warning
2025-03-16T15:36:34.411+05:30  INFO 10132 --- [user-service] [  restartedMain] o.s.b.d.a.OptionalLiveReloadServer       : LiveReload server is running on port 35729
2025-03-16T15:36:34.445+05:30  INFO 10132 --- [user-service] [  restartedMain] o.s.b.w.embedded.tomcat.TomcatWebServer  : Tomcat started on port 8080 (http) with context path '/'
2025-03-16T15:36:34.454+05:30  INFO 10132 --- [user-service] [  restartedMain] com.ashfaq.user.UserServiceApplication   : Started UserServiceApplication in 4.285 seconds (process running for 4.97)
2025-03-16T15:37:45.225+05:30  INFO 10132 --- [user-service] [nio-8080-exec-1] o.a.c.c.C.[Tomcat].[localhost].[/]       : Initializing Spring DispatcherServlet 'dispatcherServlet'
2025-03-16T15:37:45.226+05:30  INFO 10132 --- [user-service] [nio-8080-exec-1] o.s.web.servlet.DispatcherServlet        : Initializing Servlet 'dispatcherServlet'
2025-03-16T15:37:45.228+05:30  INFO 10132 --- [user-service] [nio-8080-exec-1] o.s.web.servlet.DispatcherServlet        : Completed initialization in 1 ms
Hibernate: select u1_0.id,u1_0.email,u1_0.name from public.users u1_0
Hibernate: select u1_0.id,u1_0.email,u1_0.name from public.users u1_0 where u1_0.id=?
Hibernate: insert into public.users (email,name) values (?,?)
Hibernate: insert into public.users (email,name) values (?,?)
Hibernate: insert into public.users (email,name) values (?,?)
Hibernate: insert into public.users (email,name) values (?,?)
Hibernate: select u1_0.id,u1_0.email,u1_0.name from public.users u1_0
Hibernate: select u1_0.id,u1_0.email,u1_0.name from public.users u1_0 where u1_0.id=?
Hibernate: select u1_0.id,u1_0.email,u1_0.name from public.users u1_0 where u1_0.id=?
Hibernate: update public.users set email=?,name=? where id=?
Hibernate: select u1_0.id,u1_0.email,u1_0.name from public.users u1_0 where u1_0.id=?
Hibernate: delete from public.users where id=?
Hibernate: select u1_0.id,u1_0.email,u1_0.name from public.users u1_0 where u1_0.id=?
