env values in application.properties

# better as we have provided defaults
spring.datasource.url=${DB_URL:jdbc:postgresql://localhost:9991/mainschema}
spring.datasource.username=${DB_USERNAME:postgres}
spring.datasource.password=${DB_PASSWORD:admin}

docker build -t darksharkash/user-webservice:v1 .

C:\tmp\full-stack\user-crud\web-service\user-service>docker build -t darksharkash/user-webservice:
v1 .
[+] Building 4.4s (9/9) FINISHED                                             docker:desktop-linux
 => [internal] load build definition from Dockerfile                                         0.1s
 => => transferring dockerfile: 415B                                                         0.0s 
 => [internal] load metadata for docker.io/library/eclipse-temurin:21-jre-alpine             2.3s 
 => [auth] library/eclipse-temurin:pull token for registry-1.docker.io                       0.0s
 => [internal] load .dockerignore                                                            0.0s
 => => transferring context: 2B                                                              0.0s 
 => [internal] load build context                                                            1.5s 
 => => transferring context: 51.73MB                                                         1.5s 
 => [1/3] FROM docker.io/library/eclipse-temurin:21-jre-alpine@sha256:4e9ab608d97796571b1d5  0.0s 
 => CACHED [2/3] WORKDIR /app                                                                0.0s 
 => [3/3] ADD target/user-webservice-pg.jar /app/app.jar                                     0.2s
 => exporting to image                                                                       0.2s
 => => exporting layers                                                                      0.2s 
 => => writing image sha256:8760862be9cb1bb85edd4961408b9f4c716b13ef9451060309478abbb09d53e  0.0s
 => => naming to docker.io/darksharkash/user-webservice:v1                                   0.0s 

View build details: docker-desktop://dashboard/build/desktop-linux/desktop-linux/zgicfa3vzd3sun058sbefq3z6

What's next:
    View a summary of image vulnerabilities and recommendations → docker scout quickview 








C:\Users\ashfa>docker run -p 8080:8080  -e DB_URL=jdbc:postgresql://host.docker.internal:9991/mainschema   -e DB_USERNAME=postgres  -e DB_PASSWORD=admin darksharkash/user-webservice:v1

  .   ____          _            __ _ _
 /\\ / ___'_ __ _ _(_)_ __  __ _ \ \ \ \
( ( )\___ | '_ | '_| | '_ \/ _` | \ \ \ \
 \\/  ___)| |_)| | | | | || (_| |  ) ) ) )
  '  |____| .__|_| |_|_| |_\__, | / / / /
 =========|_|==============|___/=/_/_/_/

 :: Spring Boot ::                (v3.4.3)

2025-03-16T10:24:33.726Z  INFO 1 --- [user-service] [           main] com.ashfaq.user.UserServiceApplication   : Starting UserServiceApplication v0.0.1-SNAPSHOT using Java 21.0.6 with PID 1 (/app/app.jar started by root in /app)
2025-03-16T10:24:33.730Z  INFO 1 --- [user-service] [           main] com.ashfaq.user.UserServiceApplication   : No active profile set, falling back to 1 default profile: "default"
2025-03-16T10:24:34.597Z  INFO 1 --- [user-service] [           main] .s.d.r.c.RepositoryConfigurationDelegate : Bootstrapping Spring Data JPA repositories in DEFAULT mode.
2025-03-16T10:24:34.662Z  INFO 1 --- [user-service] [           main] .s.d.r.c.RepositoryConfigurationDelegate : Finished Spring Data repository scanning in 52 ms. Found 1 JPA repository interface.
2025-03-16T10:24:35.254Z  INFO 1 --- [user-service] [           main] o.s.b.w.embedded.tomcat.TomcatWebServer  : Tomcat initialized with port 8080 (http)
2025-03-16T10:24:35.275Z  INFO 1 --- [user-service] [           main] o.apache.catalina.core.StandardService   : Starting service [Tomcat]
2025-03-16T10:24:35.275Z  INFO 1 --- [user-service] [           main] o.apache.catalina.core.StandardEngine    : Starting Servlet engine: [Apache Tomcat/10.1.36]
2025-03-16T10:24:35.311Z  INFO 1 --- [user-service] [           main] o.a.c.c.C.[Tomcat].[localhost].[/]       : Initializing Spring embedded WebApplicationContext
2025-03-16T10:24:35.312Z  INFO 1 --- [user-service] [           main] w.s.c.ServletWebServerApplicationContext : Root WebApplicationContext: initialization completed in 1516 ms
2025-03-16T10:24:35.535Z  INFO 1 --- [user-service] [           main] o.hibernate.jpa.internal.util.LogHelper  : HHH000204: Processing PersistenceUnitInfo [name: default]
2025-03-16T10:24:35.612Z  INFO 1 --- [user-service] [           main] org.hibernate.Version                    : HHH000412: Hibernate ORM core version 6.6.8.Final
2025-03-16T10:24:35.665Z  INFO 1 --- [user-service] [           main] o.h.c.internal.RegionFactoryInitiator    : HHH000026: Second-level cache disabled
2025-03-16T10:24:35.990Z  INFO 1 --- [user-service] [           main] o.s.o.j.p.SpringPersistenceUnitInfo      : No LoadTimeWeaver setup: ignoring JPA class transformer
2025-03-16T10:24:36.025Z  INFO 1 --- [user-service] [           main] com.zaxxer.hikari.HikariDataSource       : HikariPool-1 - Starting...
2025-03-16T10:24:36.309Z  INFO 1 --- [user-service] [           main] com.zaxxer.hikari.pool.HikariPool        : HikariPool-1 - Added connection org.postgresql.jdbc.PgConnection@7be38eba
2025-03-16T10:24:36.311Z  INFO 1 --- [user-service] [           main] com.zaxxer.hikari.HikariDataSource       : HikariPool-1 - Start completed.
2025-03-16T10:24:36.346Z  WARN 1 --- [user-service] [           main] org.hibernate.orm.deprecation            : HHH90000025: PostgreSQLDialect does not need to be specified explicitly using 'hibernate.dialect' (remove the property setting and it will be selected by default)
2025-03-16T10:24:36.368Z  INFO 1 --- [user-service] [           main] org.hibernate.orm.connections.pooling    : HHH10001005: Database info:
        Database JDBC URL [Connecting through datasource 'HikariDataSource (HikariPool-1)']
        Database driver: undefined/unknown
        Database version: 17.0
        Autocommit mode: undefined/unknown
        Isolation level: undefined/unknown
        Minimum pool size: undefined/unknown
        Maximum pool size: undefined/unknown
2025-03-16T10:24:37.124Z  INFO 1 --- [user-service] [           main] o.h.e.t.j.p.i.JtaPlatformInitiator       : HHH000489: No JTA platform available (set 'hibernate.transaction.jta.platform' to enable JTA platform integration)
2025-03-16T10:24:37.198Z  INFO 1 --- [user-service] [           main] j.LocalContainerEntityManagerFactoryBean : Initialized JPA EntityManagerFactory for persistence unit 'default'
2025-03-16T10:24:37.479Z  WARN 1 --- [user-service] [           main] JpaBaseConfiguration$JpaWebConfiguration : spring.jpa.open-in-view is enabled by default. Therefore, database queries may be performed during view rendering. Explicitly configure spring.jpa.open-in-view to disable this warning
2025-03-16T10:24:37.945Z  INFO 1 --- [user-service] [           main] o.s.b.w.embedded.tomcat.TomcatWebServer  : Tomcat started on port 8080 (http) with context path '/'
2025-03-16T10:24:37.962Z  INFO 1 --- [user-service] [           main] com.ashfaq.user.UserServiceApplication   : Started UserServiceApplication in 4.762 seconds (process running for 5.432)
2025-03-16T10:24:43.057Z  INFO 1 --- [user-service] [nio-8080-exec-1] o.a.c.c.C.[Tomcat].[localhost].[/]       : Initializing Spring DispatcherServlet 'dispatcherServlet'
2025-03-16T10:24:43.058Z  INFO 1 --- [user-service] [nio-8080-exec-1] o.s.web.servlet.DispatcherServlet        : Initializing Servlet 'dispatcherServlet'
2025-03-16T10:24:43.060Z  INFO 1 --- [user-service] [nio-8080-exec-1] o.s.web.servlet.DispatcherServlet        : Completed initialization in 2 ms
Hibernate: select u1_0.id,u1_0.email,u1_0.name from public.users u1_0
Hibernate: select u1_0.id,u1_0.email,u1_0.name from public.users u1_0 where u1_0.id=?
