
created a .env file and used the var as url



C:\tmp\full-stack\user-crud\web\user-web>npm run build

> user-web@0.0.0 build
> vite build

vite v6.2.2 building for production...
✓ 93 modules transformed.
dist/index.html                  0.39 kB │ gzip:  0.27 kB
dist/assets/index-B59-TZHk.js  258.26 kB │ gzip: 85.75 kB
✓ built in 2.85s

C:\tmp\full-stack\user-crud\web\user-web>npm run preview

> user-web@0.0.0 preview
> vite preview

  ➜  Local:   http://localhost:4173/
  ➜  Network: use --host to expose
  ➜  press h + enter to show help
npm run preview^C^CTerminate batch job (Y/N)? 
^CThe system cannot open the device or file specified.

C:\tmp\full-stack\user-crud\web\user-web>docker build -t darksharkash/user-web:v1 .         
[+] Building 212.9s (16/16) FINISHED                                                                  docker:desktop-linux
 => [internal] load build definition from Dockerfile                                                                  0.1s
 => => transferring dockerfile: 280B                                                                                  0.0s 
 => [internal] load metadata for docker.io/library/node:18                                                            3.9s 
 => [internal] load metadata for docker.io/library/nginx:alpine                                                       3.9s
 => [auth] library/nginx:pull token for registry-1.docker.io                                                          0.0s
 => [auth] library/node:pull token for registry-1.docker.io                                                           0.0s
 => [internal] load .dockerignore                                                                                     0.0s
 => => transferring context: 2B                                                                                       0.0s
 => [build 1/6] FROM docker.io/library/node:18@sha256:ba756f198b4b1e0114b53b23121c8ae27f7ae4d5d95ca4a0554b0649cc9c  189.0s 
 => => resolve docker.io/library/node:18@sha256:ba756f198b4b1e0114b53b23121c8ae27f7ae4d5d95ca4a0554b0649cc9c7dcf      0.0s 
 => => sha256:8031108f3cda87bb32f090262d0109c8a0db99168050967becefad502e9a681b 24.06MB / 24.06MB                     32.2s 
 => => sha256:40d3794e81923d1f62d6c8f4c023701def3c07b615f9de1a0c443c714f107ffb 2.49kB / 2.49kB                        0.0s 
 => => sha256:512bc7f93b1cd61f26c94e4f2b809fcfa90ef577db27c906c71bf1068c1afa5d 6.39kB / 6.39kB                        0.0s 
 => => sha256:155ad54a8b2812a0ec559ff82c0c6f0f0dddb337a226b11879f09e15f67b69fc 48.48MB / 48.48MB                     58.7s 
 => => sha256:1d281e50d3e435595c266df06531a7e8c2ebb0c185622c8ab2eed8d760e6576b 64.39MB / 64.39MB                     63.5s 
 => => sha256:ba756f198b4b1e0114b53b23121c8ae27f7ae4d5d95ca4a0554b0649cc9c7dcf 6.41kB / 6.41kB                        0.0s 
 => => sha256:447713e77b4fc3658cfba0c1e816b70ff6d9bf06563dc8cfcb0459406aed33b4 211.34MB / 211.34MB                  158.8s 
 => => sha256:f87facc2c491970afc16ec1d15bc7a2be960b00caa9467613baf0ac87d4e7bdf 3.32kB / 3.32kB                       59.7s 
 => => extracting sha256:155ad54a8b2812a0ec559ff82c0c6f0f0dddb337a226b11879f09e15f67b69fc                             6.8s 
 => => sha256:2f9475d0583b480d241fbc3e81dccb2c8328ed6cbe28553bdcf241b4ae3c3edc 45.70MB / 45.70MB                    101.1s 
 => => sha256:396e9c5702ad97405a8485ee635a41c2c4fdbb6636cec4df8bde46e611f0af68 1.25MB / 1.25MB                       65.1s 
 => => sha256:c8728cb69dce1bba4cb95cbaa0e0ae129482b9428acce138dcbab3176854f8d9 447B / 447B                           65.5s 
 => => extracting sha256:8031108f3cda87bb32f090262d0109c8a0db99168050967becefad502e9a681b                             1.8s 
 => => extracting sha256:1d281e50d3e435595c266df06531a7e8c2ebb0c185622c8ab2eed8d760e6576b                             8.2s 
 => => extracting sha256:447713e77b4fc3658cfba0c1e816b70ff6d9bf06563dc8cfcb0459406aed33b4                            20.9s 
 => => extracting sha256:f87facc2c491970afc16ec1d15bc7a2be960b00caa9467613baf0ac87d4e7bdf                             0.0s 
 => => extracting sha256:2f9475d0583b480d241fbc3e81dccb2c8328ed6cbe28553bdcf241b4ae3c3edc                             8.2s 
 => => extracting sha256:396e9c5702ad97405a8485ee635a41c2c4fdbb6636cec4df8bde46e611f0af68                             0.2s 
 => => extracting sha256:c8728cb69dce1bba4cb95cbaa0e0ae129482b9428acce138dcbab3176854f8d9                             0.0s 
 => [stage-1 1/2] FROM docker.io/library/nginx:alpine@sha256:4ff102c5d78d254a6f0da062b3cf39eaf07f01eec0927fd21e219d  90.7s 
 => => resolve docker.io/library/nginx:alpine@sha256:4ff102c5d78d254a6f0da062b3cf39eaf07f01eec0927fd21e219d0af8bc059  0.0s 
 => => sha256:a71e0884a7f1192ecf5decf062b67d46b54ad63f0cc1b8aa7e705f739a97c2fc 2.50kB / 2.50kB                        0.0s 
 => => sha256:1ff4bb4faebcfb1f7e01144fa9904a570ab9bab88694457855feb6c6bba3fa07 11.23kB / 11.23kB                      0.0s 
 => => sha256:4ff102c5d78d254a6f0da062b3cf39eaf07f01eec0927fd21e219d0af8bc0591 10.36kB / 10.36kB                      0.0s 
 => => sha256:ccc35e35d420d6dd115290f1074afc6ad1c474b6f94897434e6befd33be781d2 1.79MB / 1.79MB                       68.1s 
 => => extracting sha256:ccc35e35d420d6dd115290f1074afc6ad1c474b6f94897434e6befd33be781d2                             0.2s 
 => => sha256:43f2ec460bdf5babee56d7e13b060b308f42cbf2103f6665c349f0b98dac8962 627B / 627B                           68.5s 
 => => sha256:984583bcf083fa6900b5e7834795a9a57a9b4dfe7448d5350474f5d309625ece 955B / 955B                           69.0s 
 => => extracting sha256:43f2ec460bdf5babee56d7e13b060b308f42cbf2103f6665c349f0b98dac8962                             0.0s 
 => => extracting sha256:984583bcf083fa6900b5e7834795a9a57a9b4dfe7448d5350474f5d309625ece                             0.0s
 => => sha256:8d27c072a58f81ecf2425172ac0e5b25010ff2d014f89de35b90104e462568eb 402B / 402B                           69.5s 
 => => extracting sha256:8d27c072a58f81ecf2425172ac0e5b25010ff2d014f89de35b90104e462568eb                             0.0s 
 => => sha256:ab3286a7346303a31b69a5189f63f1414cc1de44e397088dcd07edb322df1fe9 1.21kB / 1.21kB                       69.9s 
 => => extracting sha256:ab3286a7346303a31b69a5189f63f1414cc1de44e397088dcd07edb322df1fe9                             0.0s 
 => => sha256:6d79cc6084d434876ce0f038c675d20532f28e476283a29e7e63bc0bf13a4ed6 1.40kB / 1.40kB                       70.4s 
 => => extracting sha256:6d79cc6084d434876ce0f038c675d20532f28e476283a29e7e63bc0bf13a4ed6                             0.0s 
 => => sha256:0c7e4c092ab716c95e1a8840943549b4ac5e6c5d1a1cc74496528e1b03e1e67a 15.38MB / 15.38MB                     89.3s 
 => => extracting sha256:0c7e4c092ab716c95e1a8840943549b4ac5e6c5d1a1cc74496528e1b03e1e67a                             1.0s 
 => [internal] load build context                                                                                    29.2s 
 => => transferring context: 61.90MB                                                                                 29.2s 
 => [build 2/6] WORKDIR /app                                                                                          0.4s 
 => [build 3/6] COPY package*.json ./                                                                                 0.1s 
 => [build 4/6] RUN npm install                                                                                      11.1s 
 => [build 5/6] COPY . .                                                                                              1.5s 
 => [build 6/6] RUN npm run build                                                                                     6.2s 
 => [stage-1 2/2] COPY --from=build /app/dist /usr/share/nginx/html                                                   0.0s 
 => exporting to image                                                                                                0.1s 
 => => exporting layers                                                                                               0.0s 
 => => writing image sha256:b090fc4624fb0a547e7ee4354aeffbcc6da7319a978fe749786af81af472b8ed                          0.0s 
 => => naming to docker.io/darksharkash/user-web:v1                                                                   0.0s 

View build details: docker-desktop://dashboard/build/desktop-linux/desktop-linux/yxa21jnkzkbei7lt1howc7oic

What's next:
    View a summary of image vulnerabilities and recommendations → docker scout quickview 

C:\tmp\full-stack\user-crud\web\user-web>